// Jest Snapshot v1, https://goo.gl/fbAQLP

exports[`wpd-toy-tree fixtures 1`] = `
"fixtures
|-- dir1
| |-- file1.txt
| |-- file2.txt
| \`-- nest1
|  |-- deep1.txt
|  \`-- deep2.txt
|-- dir2
| |-- file1.txt
| |-- file2.txt
| \`-- file3.txt
|-- file1.txt
\`-- file2.txt
"
`;
